
<head><link rel="stylesheet" type="text/css" href="/Content/style.css" ></head>
<body></body>