


<h1>.NETFramework,Version=v4.0</h1>

    
        


        


        


        

<h2>The following types have Obsoletes.</h2>

<h3>LibGit2Sharp.GlobalSettings</h3>






<h4>Obsolete Methods</h4>
<ul>
  
  <li><code>LibGit2Sharp.BuiltInFeatures Features()</code><br/> This method will be removed in the next release. Use Version.Features instead. Obsoleted with warning.</li>
  
</ul>



<h3>LibGit2Sharp.ReferenceCollectionExtensions</h3>






<h4>Obsolete Methods</h4>
<ul>
  
  <li><code>LibGit2Sharp.Reference Move(LibGit2Sharp.ReferenceCollection, string, string, LibGit2Sharp.Signature, string, bool)</code><br/> This method will be removed in the next release. Please use Rename() instead. Obsoleted with warning.</li>
  
</ul>



<h3>LibGit2Sharp.Index</h3>






<h4>Obsolete Methods</h4>
<ul>
  
  <li><code>void Stage(string, LibGit2Sharp.StageOptions)</code><br/> This method will be removed in the next release. Use IRepository.Stage() instead. Obsoleted with warning.</li>
  
  <li><code>void Stage(IEnumerable&lt;string&gt;, LibGit2Sharp.StageOptions)</code><br/> This method will be removed in the next release. Use IRepository.Stage() instead. Obsoleted with warning.</li>
  
  <li><code>void Unstage(string, LibGit2Sharp.ExplicitPathsOptions)</code><br/> This method will be removed in the next release. Use IRepository.Unstage() instead. Obsoleted with warning.</li>
  
  <li><code>void Unstage(IEnumerable&lt;string&gt;, LibGit2Sharp.ExplicitPathsOptions)</code><br/> This method will be removed in the next release. Use IRepository.Unstage() instead. Obsoleted with warning.</li>
  
  <li><code>void Move(string, string)</code><br/> This method will be removed in the next release. Use IRepository.Move() instead. Obsoleted with warning.</li>
  
  <li><code>void Move(IEnumerable&lt;string&gt;, IEnumerable&lt;string&gt;)</code><br/> This method will be removed in the next release. Use IRepository.Move() instead. Obsoleted with warning.</li>
  
  <li><code>void Remove(string, bool, LibGit2Sharp.ExplicitPathsOptions)</code><br/> This method will be removed in the next release. Use IRepository.Remove() instead. Obsoleted with warning.</li>
  
  <li><code>void Remove(IEnumerable&lt;string&gt;, bool, LibGit2Sharp.ExplicitPathsOptions)</code><br/> This method will be removed in the next release. Use IRepository.Remove() instead. Obsoleted with warning.</li>
  
  <li><code>void Reset(LibGit2Sharp.Tree)</code><br/> This method will be removed in the next release. Use Replace instead. Obsoleted with warning.</li>
  
  <li><code>LibGit2Sharp.FileStatus RetrieveStatus(string)</code><br/> This method will be removed in the next release. Use IRepository.RetrieveStatus() instead. Obsoleted with warning.</li>
  
  <li><code>LibGit2Sharp.RepositoryStatus RetrieveStatus(LibGit2Sharp.StatusOptions)</code><br/> This method will be removed in the next release. Use IRepository.RetrieveStatus() instead. Obsoleted with warning.</li>
  
</ul>



<h3>LibGit2Sharp.ReferenceCollection</h3>






<h4>Obsolete Methods</h4>
<ul>
  
  <li><code>LibGit2Sharp.Reference Move(LibGit2Sharp.Reference, string, LibGit2Sharp.Signature, string, bool)</code><br/> This method will be removed in the next release. Please use Rename() instead. Obsoleted with warning.</li>
  
  <li><code>LibGit2Sharp.Reference Move(LibGit2Sharp.Reference, string, bool)</code><br/> This method will be removed in the next release. Please use Rename() instead. Obsoleted with warning.</li>
  
</ul>



<h3>LibGit2Sharp.Repository</h3>






<h4>Obsolete Methods</h4>
<ul>
  
  <li><code>string get_Version()</code><br/> This property will be removed in the next release. Use GlobalSettings.Version instead. Obsoleted with warning.</li>
  
</ul>





    


