


<h1></h1>

    
        

<h2>The following public types have been removed</h2>
<ul>
  
  <li><code>Example.MissingNextVersionClass</code></li>
  
</ul>


        

<h2>The following public types have been made internal.</h2>
<ul>
  
  <li><code>Example.InternalNextVersionClass</code></li>
  
</ul>


        

<h2>The following types have differences.</h2>

<h3>Example.ClassToBeObsoletedWithErrorInNextVersion</h3>













<h3>Example.ClassWithMembersToBeObsoletedWithErrorInNextVersion</h3>













<h3>Example.IMethodChangesParametersNextVersion</h3>











<h4>Methods Removed</h4>
<ul>
  
  <li><code>void MethodName(string)</code></li>
  
</ul>



<h3>Example.MemberInternalNextVersion</h3>


<h4>Fields changed to non-public</h4>
<ul>
  
  <li><code>string StringField</code></li>
  
</ul>







<h4>Methods changed to non-public</h4>
<ul>
  
  <li><code>string get_StringProperty()</code></li>
  
  <li><code>void Method()</code></li>
  
  <li><code>void set_StringProperty(string)</code></li>
  
</ul>






<h3>Example.MemberMissingNextVersion</h3>





<h4>Fields Removed</h4>
<ul>
  
  <li><code>string StringField</code></li>
  
</ul>







<h4>Methods Removed</h4>
<ul>
  
  <li><code>string get_StringProperty()</code></li>
  
  <li><code>void Method()</code></li>
  
  <li><code>void set_StringProperty(string)</code></li>
  
</ul>





    


