
<h1>.NETPortable,Version=v0.0,Profile=net45+wp80+win8+wpa81+aspnetcore50 (Compared To .NETPortable,Version=v0.0,Profile=net45+wp80+win8)</h1>
        
        
        
<h2>The following types have differences.</h2>

  <h3>Newtonsoft.Json.JsonConvert</h3>













  <h3>Newtonsoft.Json.Serialization.JsonObjectContract</h3>













    
<h1>.NETPortable,Version=v0.0,Profile=net45+wp80+win8</h1>
    <p>No longer supported.</p>

<h1>.NETPortable,Version=v0.0,Profile=net40+sl5+wp80+win8+wpa81 (Compared To .NETPortable,Version=v0.0,Profile=net45+wp80+win8)</h1>
        
<h2>The following public types have been removed</h2>
<ul>
  <li><code>Newtonsoft.Json.Converters.ExpandoObjectConverter</code></li>
  <li><code>Newtonsoft.Json.Converters.XmlNodeConverter</code></li>
  <li><code>Newtonsoft.Json.Serialization.JsonDynamicContract</code></li>
</ul>
        
        
<h2>The following types have differences.</h2>

  <h3>Newtonsoft.Json.JsonConvert</h3>









<h4>Methods Removed</h4>
<ul>
  <li><code>System.Threading.Tasks.Task&lt;T&gt; DeserializeObjectAsync&lt;T&gt;(string)</code></li>
  <li><code>System.Threading.Tasks.Task&lt;T&gt; DeserializeObjectAsync&lt;T&gt;(string, Newtonsoft.Json.JsonSerializerSettings)</code></li>
  <li><code>System.Threading.Tasks.Task&lt;object&gt; DeserializeObjectAsync(string)</code></li>
  <li><code>System.Threading.Tasks.Task&lt;object&gt; DeserializeObjectAsync(string, System.Type, Newtonsoft.Json.JsonSerializerSettings)</code></li>
  <li><code>System.Xml.Linq.XDocument DeserializeXNode(string)</code></li>
  <li><code>System.Xml.Linq.XDocument DeserializeXNode(string, string)</code></li>
  <li><code>System.Xml.Linq.XDocument DeserializeXNode(string, string, bool)</code></li>
  <li><code>System.Threading.Tasks.Task PopulateObjectAsync(string, object, Newtonsoft.Json.JsonSerializerSettings)</code></li>
  <li><code>System.Threading.Tasks.Task&lt;string&gt; SerializeObjectAsync(object)</code></li>
  <li><code>System.Threading.Tasks.Task&lt;string&gt; SerializeObjectAsync(object, Newtonsoft.Json.Formatting)</code></li>
  <li><code>System.Threading.Tasks.Task&lt;string&gt; SerializeObjectAsync(object, Newtonsoft.Json.Formatting, Newtonsoft.Json.JsonSerializerSettings)</code></li>
  <li><code>string SerializeXNode(System.Xml.Linq.XObject)</code></li>
  <li><code>string SerializeXNode(System.Xml.Linq.XObject, Newtonsoft.Json.Formatting)</code></li>
  <li><code>string SerializeXNode(System.Xml.Linq.XObject, Newtonsoft.Json.Formatting, bool)</code></li>
</ul>




  <h3>Newtonsoft.Json.Linq.JContainer</h3>









<h4>Methods Removed</h4>
<ul>
  <li><code>void add_CollectionChanged(System.Collections.Specialized.NotifyCollectionChangedEventHandler)</code></li>
  <li><code>void remove_CollectionChanged(System.Collections.Specialized.NotifyCollectionChangedEventHandler)</code></li>
</ul>




  <h3>Newtonsoft.Json.Serialization.JsonObjectContract</h3>













    
<h1>.NETPortable,Version=v0.0,Profile=net40+sl4+wp7+win8</h1>
    <p>No longer supported.</p>

<h1>.NETFramework,Version=v4.5</h1>
        
        
        
<h2>The following types have differences.</h2>

  <h3>Newtonsoft.Json.JsonConvert</h3>













  <h3>Newtonsoft.Json.Linq.JPropertyDescriptor</h3>









<h4>Methods Removed</h4>
<ul>
  <li><code>void .ctor(string, Type)</code></li>
</ul>




  <h3>Newtonsoft.Json.Serialization.DefaultContractResolver</h3>













  <h3>Newtonsoft.Json.Serialization.JsonObjectContract</h3>













    
<h1>.NETFramework,Version=v4.0</h1>
        
        
        
<h2>The following types have differences.</h2>

  <h3>Newtonsoft.Json.JsonConvert</h3>













  <h3>Newtonsoft.Json.Linq.JPropertyDescriptor</h3>









<h4>Methods Removed</h4>
<ul>
  <li><code>void .ctor(string, Type)</code></li>
</ul>




  <h3>Newtonsoft.Json.Serialization.DefaultContractResolver</h3>













  <h3>Newtonsoft.Json.Serialization.JsonObjectContract</h3>













    
<h1>.NETFramework,Version=v3.5</h1>
        
        
        
<h2>The following types have differences.</h2>

  <h3>Newtonsoft.Json.Linq.JPropertyDescriptor</h3>









<h4>Methods Removed</h4>
<ul>
  <li><code>void .ctor(string, Type)</code></li>
</ul>




  <h3>Newtonsoft.Json.Serialization.DefaultContractResolver</h3>













  <h3>Newtonsoft.Json.Serialization.JsonObjectContract</h3>













    
<h1>.NETFramework,Version=v2.0</h1>
        
        
        
<h2>The following types have differences.</h2>

  <h3>Newtonsoft.Json.Linq.JPropertyDescriptor</h3>









<h4>Methods Removed</h4>
<ul>
  <li><code>void .ctor(string, Type)</code></li>
</ul>




  <h3>Newtonsoft.Json.Serialization.DefaultContractResolver</h3>













  <h3>Newtonsoft.Json.Serialization.JsonObjectContract</h3>













    
<h1>.NETCore,Version=v4.5</h1>
        
        
        
<h2>The following types have differences.</h2>

  <h3>Newtonsoft.Json.JsonConvert</h3>













  <h3>Newtonsoft.Json.Serialization.JsonObjectContract</h3>













    