


<h1>.NETFramework,Version=v4.5</h1>

    
        <p>No differences found.<p/>
    


