
## The following public types have been removed.

- `Example.MissingNextVersionClass` [ [link](MissingNextVersionClass.cs) ]


## The following public types have been made internal.

- `Example.InternalNextVersionClass` [ [old](InternalNextVersionClass.cs) | [new](InternalNextVersionClass.cs) ]


## The following types have differences.


### Example.IMethodChangesParametersNextVersion  

#### Methods Removed

  - `void MethodName(string)` 


### Example.MemberInternalNextVersion  [ [old](MemberInternalNextVersion.cs) | [new](MemberInternalNextVersion.cs) ]

#### Fields changed to non-public

  - `string StringField`

#### Methods changed to non-public

  - `string get_StringProperty()` 
  - `void Method()` [ [old](MemberInternalNextVersion.cs#L10) | [new](MemberInternalNextVersion.cs#L10) ]
  - `void set_StringProperty(string)` 


### Example.MemberMissingNextVersion  [ [old](MemberMissingNextVersion.cs) ]

#### Fields Removed

  - `string StringField`

#### Methods Removed

  - `string get_StringProperty()` 
  - `void Method()` [ [link](MemberMissingNextVersion.cs#L10) ]
  - `void set_StringProperty(string)` 

