Type removed: Example.MissingNextVersionClass
Type made non public: Example.InternalNextVersionClass