Public -> [MISSING]

NServiceBus.Audit.MessageAuditer
[MISSING]

NServiceBus.AutomaticSubscriptions.AutoSubscriber
[MISSING]

NServiceBus.AutomaticSubscriptions.DefaultAutoSubscriptionStrategy
[MISSING]

NServiceBus.AutomaticSubscriptions.IAutoSubscriptionStrategy
[MISSING]

NServiceBus.Config.AddressInitializer
[MISSING]

NServiceBus.Config.ChannelCollection
[MISSING]

NServiceBus.Config.ChannelConfig
[MISSING]

NServiceBus.Config.DisplayInfrastructureServicesStatus
[MISSING]

NServiceBus.Config.GatewayConfig
[MISSING]

NServiceBus.Config.InfrastructureServices
[MISSING]

NServiceBus.Config.SiteCollection
[MISSING]

NServiceBus.Config.SiteConfig
[MISSING]

NServiceBus.Config.WindowsInstallerRunner
[MISSING]

NServiceBus.ConfigureGateway
[MISSING]

NServiceBus.ConfigureSagas
[MISSING]

NServiceBus.ConfigureSecondLevelRetriesExtensions
[MISSING]

NServiceBus.DataBus.Config.Bootstrapper
[MISSING]

NServiceBus.DataBus.DefaultDataBusSerializer
[MISSING]

NServiceBus.DataBus.FileShare.FileShareDataBus
[MISSING]

NServiceBus.DataBus.InMemory.InMemoryDataBus
[MISSING]

NServiceBus.Encryption.EncryptionMessageMutator
[MISSING]

NServiceBus.Features.Categories.Serializers
[MISSING]

NServiceBus.Features.EnableDefaultFeatures
[MISSING]

NServiceBus.Features.Feature<T>
[MISSING]

NServiceBus.Features.FeatureCategory
[MISSING]

NServiceBus.Features.FeatureInitializer
[MISSING]

NServiceBus.Features.Gateway
[MISSING]

NServiceBus.Features.MsmqTransport
[MISSING]

NServiceBus.FeatureSettingsExtensions
[MISSING]

NServiceBus.Gateway.Channels.Channel
[MISSING]

NServiceBus.Gateway.Channels.ChannelFactory
[MISSING]

NServiceBus.Gateway.Channels.ChannelTypeAttribute
[MISSING]

NServiceBus.Gateway.Channels.DataReceivedOnChannelArgs
[MISSING]

NServiceBus.Gateway.Channels.Http.DefaultResponder
[MISSING]

NServiceBus.Gateway.Channels.Http.HttpChannelReceiver
[MISSING]

NServiceBus.Gateway.Channels.Http.HttpChannelSender
[MISSING]

NServiceBus.Gateway.Channels.Http.HttpHeaders
[MISSING]

NServiceBus.Gateway.Channels.Http.IHttpResponder
[MISSING]

NServiceBus.Gateway.Channels.Http.SetDefaultResponder
[MISSING]

NServiceBus.Gateway.Channels.IChannelFactory
[MISSING]

NServiceBus.Gateway.Channels.IChannelReceiver
[MISSING]

NServiceBus.Gateway.Channels.IChannelSender
[MISSING]

NServiceBus.Gateway.Channels.ReceiveChannel
[MISSING]

NServiceBus.Gateway.Deduplication.GatewayMessage
[MISSING]

NServiceBus.Gateway.Deduplication.InMemoryDeduplication
[MISSING]

NServiceBus.Gateway.Deduplication.RavenDBDeduplication
[MISSING]

NServiceBus.Gateway.DefaultInputAddress
[MISSING]

NServiceBus.Gateway.HeaderManagement.DataBusHeaderManager
[MISSING]

NServiceBus.Gateway.HeaderManagement.GatewayHeaderManager
[MISSING]

NServiceBus.Gateway.HeaderManagement.GatewayHeaders
[MISSING]

NServiceBus.Gateway.HeaderManagement.HeaderMapper
[MISSING]

NServiceBus.Gateway.Notifications.IMessageNotifier
[MISSING]

NServiceBus.Gateway.Notifications.INotifyAboutMessages
[MISSING]

NServiceBus.Gateway.Notifications.MessageNotifier
[MISSING]

NServiceBus.Gateway.Notifications.MessageReceivedOnChannelArgs
[MISSING]

NServiceBus.Gateway.Persistence.InMemoryPersistence
[MISSING]

NServiceBus.Gateway.Persistence.MessageInfo
[MISSING]

NServiceBus.Gateway.Persistence.Raven.GatewayMessage
[MISSING]

NServiceBus.Gateway.Persistence.Raven.RavenDbPersistence
[MISSING]

NServiceBus.Gateway.Receiving.ChannelException
[MISSING]

NServiceBus.Gateway.Receiving.ConfigurationBasedChannelManager
[MISSING]

NServiceBus.Gateway.Receiving.ConventionBasedChannelManager
[MISSING]

NServiceBus.Gateway.Receiving.GatewayReceiver
[MISSING]

NServiceBus.Gateway.Receiving.IManageReceiveChannels
[MISSING]

NServiceBus.Gateway.Receiving.IReceiveMessagesFromSites
[MISSING]

NServiceBus.Gateway.Receiving.SingleCallChannelReceiver
[MISSING]

NServiceBus.Gateway.Routing.Endpoints.DefaultEndpointRouter
[MISSING]

NServiceBus.Gateway.Routing.IRouteMessagesToEndpoints
[MISSING]

NServiceBus.Gateway.Routing.IRouteMessagesToSites
[MISSING]

NServiceBus.Gateway.Routing.Site
[MISSING]

NServiceBus.Gateway.Routing.Sites.ConfigurationBasedSiteRouter
[MISSING]

NServiceBus.Gateway.Routing.Sites.KeyPrefixConventionSiteRouter
[MISSING]

NServiceBus.Gateway.Routing.Sites.OriginatingSiteHeaderRouter
[MISSING]

NServiceBus.Gateway.Sending.CallInfo
[MISSING]

NServiceBus.Gateway.Sending.CallType
[MISSING]

NServiceBus.Gateway.Sending.GatewaySender
[MISSING]

NServiceBus.Gateway.Sending.IForwardMessagesToSites
[MISSING]

NServiceBus.Gateway.Sending.SingleCallChannelForwarder
[MISSING]

NServiceBus.Gateway.Utils.Hasher
[MISSING]

NServiceBus.Hosting.Configuration.ConfigManager
[MISSING]

NServiceBus.Hosting.Profiles.IHandleAnyProfile
[MISSING]

NServiceBus.Hosting.Profiles.IHandleProfile
[MISSING]

NServiceBus.Hosting.Profiles.IHandleProfile<T>
[MISSING]

NServiceBus.Hosting.Profiles.ProfileActivator
[MISSING]

NServiceBus.Hosting.Profiles.ProfileManager
[MISSING]

NServiceBus.Hosting.Roles.IConfigureRole
[MISSING]

NServiceBus.Hosting.Roles.IConfigureRole<T>
[MISSING]

NServiceBus.Hosting.Roles.IRole
[MISSING]

NServiceBus.Hosting.Roles.RoleManager
[MISSING]

NServiceBus.Hosting.Wcf.WcfManager
[MISSING]

NServiceBus.Hosting.Wcf.WcfServiceHost
[MISSING]

NServiceBus.Installation.GatewayHttpListenerInstaller
[MISSING]

NServiceBus.Installation.PerformanceMonitorUsersInstaller
[MISSING]

NServiceBus.IProfile
[MISSING]

NServiceBus.IWantTheListOfActiveProfiles
[MISSING]

NServiceBus.IWcfService<TRequest, TResponse>
[MISSING]

NServiceBus.Management.Retries.SecondLevelRetries
[MISSING]

NServiceBus.Msmq
[MISSING]

NServiceBus.ObjectBuilder.Common.Config.ConfigureCommon
[MISSING]

NServiceBus.Persistence.InMemory.InMemoryPersistence
[MISSING]

NServiceBus.Persistence.InMemory.SagaPersister.InMemorySagaPersister
[MISSING]

NServiceBus.Persistence.InMemory.SubscriptionStorage.InMemorySubscriptionStorage
[MISSING]

NServiceBus.Persistence.InMemory.TimeoutPersister.InMemoryTimeoutPersistence
[MISSING]

NServiceBus.Persistence.Msmq.SubscriptionStorage.Config.SubscriptionsQueueCreator
[MISSING]

NServiceBus.Persistence.Msmq.SubscriptionStorage.MsmqSubscriptionStorage
[MISSING]

NServiceBus.Persistence.Raven.RavenConventions
[MISSING]

NServiceBus.Persistence.Raven.RavenPersistenceConstants
[MISSING]

NServiceBus.Persistence.Raven.RavenSessionFactory
[MISSING]

NServiceBus.Persistence.Raven.RavenUnitOfWork
[MISSING]

NServiceBus.Persistence.Raven.RavenUserInstaller
[MISSING]

NServiceBus.Persistence.Raven.SagaPersister.RavenSagaPersister
[MISSING]

NServiceBus.Persistence.Raven.SagaPersister.SagaUniqueIdentity
[MISSING]

NServiceBus.Persistence.Raven.StoreAccessor
[MISSING]

NServiceBus.Persistence.Raven.SubscriptionStorage.MessageTypeConverter
[MISSING]

NServiceBus.Persistence.Raven.SubscriptionStorage.RavenSubscriptionStorage
[MISSING]

NServiceBus.Persistence.Raven.SubscriptionStorage.Subscription
[MISSING]

NServiceBus.Persistence.Raven.TimeoutPersister.RavenTimeoutPersistence
[MISSING]

NServiceBus.Persistence.SetupDefaultPersistence
[MISSING]

NServiceBus.Sagas.ConfigureTimeoutAsSystemMessages
[MISSING]

NServiceBus.Scheduling.Configuration.ConfigureScheduledTaskAsSystemMessages
[MISSING]

NServiceBus.Scheduling.Configuration.SchedulerConfiguration
[MISSING]

NServiceBus.Scheduling.InMemoryScheduledTaskStorage
[MISSING]

NServiceBus.Scheduling.IScheduledTaskStorage
[MISSING]

NServiceBus.Scheduling.IScheduler
[MISSING]

NServiceBus.ServiceAsyncResult
[MISSING]

NServiceBus.Settings.Endpoint
[MISSING]

NServiceBus.Settings.ISetDefaultSettings
[MISSING]

NServiceBus.Settings.TransportSettings
[MISSING]

NServiceBus.SyncConfig
[MISSING]

NServiceBus.Timeout.Core.TimeoutManagerDefaults
[MISSING]

NServiceBus.Transports.ConfigureTransport<T>
[MISSING]

NServiceBus.Transports.IConfigureTransport
[MISSING]

NServiceBus.Transports.IConfigureTransport<T>
[MISSING]

NServiceBus.Transports.Msmq.Config.CheckMachineNameForComplianceWithDtcLimitation
[MISSING]

NServiceBus.Unicast.BusAsyncResultEventArgs
[MISSING]

NServiceBus.Unicast.Config.DefaultToTimeoutManagerBasedDeferal
[MISSING]

NServiceBus.Unicast.Config.DefaultTransportForHost
[MISSING]

NServiceBus.Unicast.DefaultDispatcherFactory
[MISSING]

NServiceBus.Unicast.HandlerInvocationCache
[MISSING]

NServiceBus.Unicast.IMessageDispatcherFactory
[MISSING]

NServiceBus.Unicast.Monitoring.CriticalTimeCalculator
[MISSING]

NServiceBus.Unicast.Monitoring.EstimatedTimeToSLABreachCalculator
[MISSING]

NServiceBus.Unicast.Monitoring.PerformanceCounterInitializer
[MISSING]

NServiceBus.Unicast.Monitoring.ProcessingStatistics
[MISSING]

NServiceBus.Unicast.Subscriptions.MessageDrivenSubscriptions.EnableMessageDrivenPublisherIfStorageIsFound
[MISSING]

NServiceBus.Unicast.Subscriptions.MessageDrivenSubscriptions.MessageDrivenSubscriptionManager
[MISSING]

NServiceBus.Unicast.Subscriptions.MessageDrivenSubscriptions.SubcriberSideFiltering.FilteringMutator
[MISSING]

NServiceBus.Unicast.Subscriptions.MessageDrivenSubscriptions.SubcriberSideFiltering.SubscriptionPredicatesEvaluator
[MISSING]

NServiceBus.Unicast.Transport.Config.Bootstrapper
[MISSING]

NServiceBus.Unicast.Transport.Transactional.Config.AdvancedTransactionalConfig
[MISSING]

NServiceBus.WcfService<TRequest, TResponse>
[MISSING]

Public -> Internal

NServiceBus.CircuitBreakers.CircuitBreaker
NServiceBus.CircuitBreakers.CircuitBreaker

NServiceBus.Config.Conventions.EndpointHelper
NServiceBus.Config.Conventions.EndpointHelper

NServiceBus.Config.SatelliteConfigurer
NServiceBus.Config.SatelliteConfigurer

NServiceBus.Faults.Forwarder.Config.FaultsQueueCreator
NServiceBus.Faults.Forwarder.Config.FaultsQueueCreator

NServiceBus.Faults.Forwarder.FaultManager
NServiceBus.Faults.Forwarder.FaultManager

NServiceBus.Faults.InMemory.FaultManager
NServiceBus.Faults.InMemory.FaultManager

NServiceBus.Impersonation.Windows.WindowsIdentityEnricher
NServiceBus.Impersonation.Windows.WindowsIdentityEnricher

NServiceBus.ObjectBuilder.Common.CommonObjectBuilder
NServiceBus.ObjectBuilder.Common.CommonObjectBuilder

NServiceBus.ObjectBuilder.Common.SynchronizedInvoker
NServiceBus.ObjectBuilder.Common.SynchronizedInvoker

NServiceBus.Persistence.Msmq.SubscriptionStorage.Entry
NServiceBus.Persistence.Msmq.SubscriptionStorage.Entry

NServiceBus.Sagas.ConfigureHowToFindSagaWithMessageDispatcher
NServiceBus.Sagas.ConfigureHowToFindSagaWithMessageDispatcher

NServiceBus.Sagas.Finders.HeaderSagaIdFinder<T>
NServiceBus.Sagas.Finders.HeaderSagaIdFinder<T>

NServiceBus.Sagas.Finders.PropertySagaFinder<TSaga, TMessage>
NServiceBus.Sagas.Finders.PropertySagaFinder<TSagaData, TMessage>

NServiceBus.Satellites.Config.SatelliteContext
NServiceBus.Satellites.Config.SatelliteContext

NServiceBus.Satellites.SatelliteLauncher
NServiceBus.Satellites.SatelliteLauncher

NServiceBus.Satellites.SatellitesQueuesCreator
NServiceBus.Satellites.SatellitesQueuesCreator

NServiceBus.Scheduling.DefaultScheduler
NServiceBus.Scheduling.DefaultScheduler

NServiceBus.Scheduling.Messages.ScheduledTask
NServiceBus.Scheduling.Messages.ScheduledTask

NServiceBus.Scheduling.ScheduledTaskMessageHandler
NServiceBus.Scheduling.ScheduledTaskMessageHandler

NServiceBus.SecondLevelRetries.Helpers.SecondLevelRetriesHeaders
NServiceBus.SecondLevelRetries.Helpers.SecondLevelRetriesHeaders

NServiceBus.SecondLevelRetries.SecondLevelRetriesProcessor
NServiceBus.SecondLevelRetries.SecondLevelRetriesProcessor

NServiceBus.Serializers.Json.Internal.MessageContractResolver
NServiceBus.Serializers.Json.Internal.MessageContractResolver

NServiceBus.Serializers.Json.Internal.MessageSerializationBinder
NServiceBus.Serializers.Json.Internal.MessageSerializationBinder

NServiceBus.Serializers.Json.Internal.XContainerConverter
NServiceBus.Serializers.Json.Internal.XContainerConverter

NServiceBus.Serializers.XML.Config.MessageTypesInitializer
NServiceBus.Serializers.XML.Config.MessageTypesInitializer

NServiceBus.Serializers.XML.XmlSanitizingStream
NServiceBus.Serializers.XML.XmlSanitizingStream

NServiceBus.Timeout.Core.DefaultTimeoutManager
NServiceBus.Timeout.Core.DefaultTimeoutManager

NServiceBus.Timeout.Hosting.Windows.TimeoutDispatcherProcessor
NServiceBus.Timeout.Hosting.Windows.TimeoutDispatcherProcessor

NServiceBus.Timeout.Hosting.Windows.TimeoutMessageProcessor
NServiceBus.Timeout.Hosting.Windows.TimeoutMessageProcessor

NServiceBus.Timeout.Hosting.Windows.TimeoutPersisterReceiver
NServiceBus.Timeout.Hosting.Windows.TimeoutPersisterReceiver

NServiceBus.Timeout.TimeoutManagerDeferrer
NServiceBus.Timeout.TimeoutManagerDeferrer

NServiceBus.Timeout.TimeoutManagerHeaders
NServiceBus.Timeout.TimeoutManagerHeaders

NServiceBus.Transports.Msmq.MsmqDequeueStrategy
NServiceBus.Transports.Msmq.MsmqDequeueStrategy

NServiceBus.Transports.Msmq.MsmqMessageSender
NServiceBus.Transports.Msmq.MsmqMessageSender

NServiceBus.Transports.Msmq.MsmqQueueCreator
NServiceBus.Transports.Msmq.MsmqQueueCreator

NServiceBus.Unicast.MessagingBestPractices
NServiceBus.Unicast.MessagingBestPractices

NServiceBus.Unicast.Monitoring.CausationMutator
NServiceBus.Unicast.Monitoring.CausationMutator

NServiceBus.Unicast.Publishing.StorageDrivenPublisher
NServiceBus.Unicast.Publishing.StorageDrivenPublisher

NServiceBus.Unicast.Queuing.Installers.AuditQueueCreator
NServiceBus.Unicast.Queuing.Installers.AuditQueueCreator

NServiceBus.Unicast.Queuing.Installers.EndpointInputQueueCreator
NServiceBus.Unicast.Queuing.Installers.EndpointInputQueueCreator

NServiceBus.Unicast.Queuing.Installers.ForwardReceivedMessagesToQueueCreator
NServiceBus.Unicast.Queuing.Installers.ForwardReceivedMessagesToQueueCreator

NServiceBus.Unicast.Queuing.QueuesCreator
NServiceBus.Unicast.Queuing.QueuesCreator

NServiceBus.Unicast.Subscriptions.MessageDrivenSubscriptions.NoopSubscriptionAuthorizer
NServiceBus.Unicast.Subscriptions.MessageDrivenSubscriptions.NoopSubscriptionAuthorizer

NServiceBus.Unicast.Transport.TransportConnectionString
NServiceBus.Unicast.Transport.TransportConnectionString

NServiceBus.Unicast.Transport.TransportMessageExtensions
NServiceBus.Unicast.Transport.TransportMessageExtensions

Members

- NServiceBus.AutomaticSubscriptions.Config.AutoSubscribeSettings
  - 
[CompilerControlled, Public, HideBySig] NServiceBus.AutomaticSubscriptions.Config.AutoSubscribeSettings CustomAutoSubscriptionStrategy<T>()
[MISSING]

- NServiceBus.Configure
  - 
[Public, Static] Func<string> DefineEndpointVersionRetriever
[MISSING]
  - 
[Public, Static] Func<string> GetEndpointNameAction
[MISSING]
  - 
[Public, Static] Func<FileInfo, Assembly> LoadAssembly
[MISSING]
  - 
[CompilerControlled, Public, Static, HideBySig, SpecialName] void add_ConfigurationComplete(Action)
[MISSING]
  - 
[CompilerControlled, Public, HideBySig] void ForAllTypes<T>(Action<Type>)
[CompilerControlled, Assembly, Static, HideBySig] void ForAllTypes<T>(IList<Type>, Action<Type>)
  - 
[CompilerControlled, Public, Static, HideBySig, SpecialName] NServiceBus.Config.ConfigurationSource.IConfigurationSource get_ConfigurationSource()
[MISSING]
  - 
[CompilerControlled, Public, Static, HideBySig, SpecialName] NServiceBus.Settings.Endpoint get_Endpoint()
[MISSING]
  - 
[CompilerControlled, Public, Static, HideBySig, SpecialName] bool get_SendOnlyMode()
[MISSING]
  - 
[CompilerControlled, Public, Static, HideBySig, SpecialName] NServiceBus.Settings.TransportSettings get_Transports()
[MISSING]
  - 
[CompilerControlled, Public, Static, HideBySig] IEnumerable<Assembly> GetAssembliesInDirectory(string, String[][])
[MISSING]
  - 
[CompilerControlled, Public, HideBySig] void Initialize()
[CompilerControlled, Assembly, HideBySig] void Initialize()
  - 
[CompilerControlled, Public, Static, HideBySig, SpecialName] void remove_ConfigurationComplete(Action)
[MISSING]
  - 
[CompilerControlled, Public, Static, HideBySig] void ScaleOut(Action<NServiceBus.Settings.ScaleOutSettings>)
[MISSING]
  - 
[CompilerControlled, Public, HideBySig, SpecialName] void set_Builder(NServiceBus.ObjectBuilder.IBuilder)
[CompilerControlled, Private, HideBySig, SpecialName] void set_Builder(NServiceBus.ObjectBuilder.IBuilder)
  - 
[CompilerControlled, Public, Static, HideBySig, SpecialName] void set_ConfigurationSource(NServiceBus.Config.ConfigurationSource.IConfigurationSource)
[MISSING]

- NServiceBus.EndpointSLAAttribute
  - 
[CompilerControlled, Public, HideBySig, SpecialName] void set_SLA(string)
[CompilerControlled, Private, HideBySig, SpecialName] void set_SLA(TimeSpan)

- NServiceBus.Features.Feature
  - 
[CompilerControlled, Public, Static, HideBySig] IEnumerable<NServiceBus.Features.Feature> ByCategory(NServiceBus.Features.FeatureCategory)
[MISSING]
  - 
[CompilerControlled, Public, Static, HideBySig] void Disable<T>()
[MISSING]
  - 
[CompilerControlled, Public, Static, HideBySig] void Disable(Type)
[MISSING]
  - 
[CompilerControlled, Public, Static, HideBySig] void DisableByDefault(Type)
[MISSING]
  - 
[CompilerControlled, Public, Static, HideBySig] void Enable<T>()
[MISSING]
  - 
[CompilerControlled, Public, Static, HideBySig] void Enable(Type)
[MISSING]
  - 
[CompilerControlled, Public, Static, HideBySig] void EnableByDefault(Type)
[MISSING]
  - 
[CompilerControlled, Public, Static, HideBySig] void EnableByDefault<T>()
[CompilerControlled, Family, HideBySig] void EnableByDefault()
  - 
[CompilerControlled, Public, Virtual, HideBySig, VtableLayoutMask, SpecialName] NServiceBus.Features.FeatureCategory get_Category()
[MISSING]
  - 
[CompilerControlled, Public, HideBySig, SpecialName] bool get_Enabled()
[MISSING]
  - 
[CompilerControlled, Public, Virtual, HideBySig, VtableLayoutMask] void Initialize()
[MISSING]
  - 
[CompilerControlled, Public, Static, HideBySig] bool IsEnabled<T>()
[MISSING]
  - 
[CompilerControlled, Public, Static, HideBySig] bool IsEnabled(Type)
[MISSING]
  - 
[CompilerControlled, Public, Static, HideBySig, SpecialName] bool op_Equality(NServiceBus.Features.Feature, NServiceBus.Features.Feature)
[MISSING]
  - 
[CompilerControlled, Public, Static, HideBySig, SpecialName] bool op_Inequality(NServiceBus.Features.Feature, NServiceBus.Features.Feature)
[MISSING]
  - 
[CompilerControlled, Public, Virtual, HideBySig, VtableLayoutMask] bool ShouldBeEnabled()
[MISSING]

- NServiceBus.Features.Sagas
  - 
[Public, Static, InitOnly] IDictionary<Type, IDictionary<Type, KeyValuePair<PropertyInfo, PropertyInfo>>> SagaEntityToMessageToPropertyLookup
[MISSING]
  - 
[CompilerControlled, Public, Static, HideBySig] void ConfigureFinder(Type)
[CompilerControlled, Assembly, Static, HideBySig] void ConfigureFinder(Type, NServiceBus.Conventions)
  - 
[CompilerControlled, Public, Static, HideBySig] void ConfigureSaga(Type)
[CompilerControlled, Assembly, Static, HideBySig] void ConfigureSaga(Type, NServiceBus.Conventions)
  - 
[CompilerControlled, Public, HideBySig] bool FindAndConfigureSagasIn(IEnumerable<Type>)
[MISSING]
  - 
[CompilerControlled, Public, Static, HideBySig] MethodInfo GetFindByMethodForFinder(NServiceBus.Saga.IFinder, object)
[CompilerControlled, Assembly, Static, HideBySig] MethodInfo GetFindByMethodForFinder(NServiceBus.Saga.IFinder, object)
  - 
[CompilerControlled, Public, Static, HideBySig] IEnumerable<Type> GetFindersForMessageAndEntity(Type, Type)
[CompilerControlled, Assembly, Static, HideBySig] IEnumerable<Type> GetFindersForMessageAndEntity(Type, Type)
  - 
[CompilerControlled, Public, Static, HideBySig] IEnumerable<Type> GetSagaDataTypes()
[CompilerControlled, Assembly, Static, HideBySig] IEnumerable<Type> GetSagaDataTypes()
  - 
[CompilerControlled, Public, Static, HideBySig] Type GetSagaEntityTypeForSagaType(Type)
[CompilerControlled, Assembly, Static, HideBySig] Type GetSagaEntityTypeForSagaType(Type)
  - 
[CompilerControlled, Public, Static, HideBySig] Type GetSagaTypeForSagaEntityType(Type)
[CompilerControlled, Assembly, Static, HideBySig] Type GetSagaTypeForSagaEntityType(Type)
  - 
[CompilerControlled, Public, Static, HideBySig] bool IsSagaType(Type)
[CompilerControlled, Assembly, Static, HideBySig] bool IsSagaType(Type)
  - 
[CompilerControlled, Public, Static, HideBySig] bool ShouldMessageStartSaga(Type, Type)
[MISSING]

- NServiceBus.Features.TimeoutManager
  - 
[CompilerControlled, Public, Static, HideBySig, SpecialName] NServiceBus.Address get_DispatcherAddress()
[MISSING]
  - 
[CompilerControlled, Public, Static, HideBySig, SpecialName] NServiceBus.Address get_InputAddress()
[MISSING]

- NServiceBus.Logging.LogManager
  - 
[CompilerControlled, Public, Static, HideBySig, SpecialName] NServiceBus.Logging.ILoggerFactory get_LoggerFactory()
[MISSING]
  - 
[CompilerControlled, Public, Static, HideBySig, SpecialName] void set_LoggerFactory(NServiceBus.Logging.ILoggerFactory)
[MISSING]

- NServiceBus.MessageInterfaces.MessageMapper.Reflection.MessageMapper
  - 
[CompilerControlled, Public, HideBySig] Type CreateTypeFrom(Type, ModuleBuilder)
[CompilerControlled, Private, HideBySig] Type CreateTypeFrom(Type, ModuleBuilder)
  - 
[CompilerControlled, Public, HideBySig] string GetNewTypeName(Type)
[CompilerControlled, Private, HideBySig] string GetNewTypeName(Type)
  - 
[CompilerControlled, Public, HideBySig] void InitType(Type, ModuleBuilder)
[CompilerControlled, Private, HideBySig] void InitType(Type, ModuleBuilder)

- NServiceBus.ObjectBuilder.IConfigureComponents
  - 
[CompilerControlled, Public, Virtual, HideBySig, VtableLayoutMask, Abstract] bool HasComponent(Type)
[MISSING]

- NServiceBus.Serializers.Json.JsonMessageSerializer
  - 
[CompilerControlled, Public, HideBySig] object DeserializeObject(string, Type)
[MISSING]

- NServiceBus.Serializers.XML.XmlMessageSerializer
  - 
[CompilerControlled, Public, HideBySig, SpecialName] bool get_SkipWrappingElementForSingleMessages()
[MISSING]
  - 
[CompilerControlled, Public, HideBySig, SpecialName] void set_SkipWrappingElementForSingleMessages(bool)
[MISSING]

- NServiceBus.Settings.SettingsHolder
  - 
[CompilerControlled, Public, Static, HideBySig] void ApplyTo<T>()
[MISSING]
  - 
[CompilerControlled, Public, Static, HideBySig] void PreventChanges()
[MISSING]
  - 
[CompilerControlled, Public, Static, HideBySig] void Reset()
[MISSING]

- NServiceBus.Settings.TransactionSettings
  - 
[CompilerControlled, Public, HideBySig] NServiceBus.Settings.TransactionSettings Advanced(Action<NServiceBus.Settings.TransactionSettings/TransactionAdvancedSettings>)
[MISSING]

- NServiceBus.Timeout.Core.TimeoutData
  - 
[CompilerControlled, Public, HideBySig, SpecialName] string get_CorrelationId()
[MISSING]
  - 
[CompilerControlled, Public, HideBySig, SpecialName] void set_CorrelationId(string)
[MISSING]

- NServiceBus.TransportMessage
  - 
[CompilerControlled, Public, HideBySig, SpecialName] string get_IdForCorrelation()
[MISSING]
  - 
[CompilerControlled, Public, HideBySig, SpecialName] void set_ReplyToAddress(NServiceBus.Address)
[MISSING]

- NServiceBus.Transports.Msmq.MsmqUnitOfWork
  - 
[CompilerControlled, Public, HideBySig] void ClearTransaction()
[CompilerControlled, Assembly, HideBySig] void ClearTransaction()
  - 
[CompilerControlled, Public, HideBySig] void SetTransaction(System.Messaging.MessageQueueTransaction)
[CompilerControlled, Assembly, HideBySig] void SetTransaction(System.Messaging.MessageQueueTransaction)

- NServiceBus.Unicast.Messages.MessageMetadata
  - 
[CompilerControlled, Public, HideBySig, SpecialName] void set_MessageHierarchy(IEnumerable<Type>)
[MISSING]
  - 
[CompilerControlled, Public, HideBySig, SpecialName] void set_MessageType(Type)
[MISSING]
  - 
[CompilerControlled, Public, HideBySig, SpecialName] void set_Recoverable(bool)
[MISSING]
  - 
[CompilerControlled, Public, HideBySig, SpecialName] void set_TimeToBeReceived(TimeSpan)
[MISSING]

- NServiceBus.Unicast.Queuing.IWantQueueCreated
  - 
[CompilerControlled, Public, Virtual, HideBySig, VtableLayoutMask, Abstract, SpecialName] bool get_IsDisabled()
[MISSING]

- NServiceBus.Unicast.Transport.ITransport
  - 
[CompilerControlled, Public, Virtual, HideBySig, VtableLayoutMask, Abstract] void AbortHandlingCurrentMessage()
[MISSING]
  - 
[CompilerControlled, Public, Virtual, HideBySig, VtableLayoutMask, Abstract, SpecialName] void add_FailedMessageProcessing(EventHandler<NServiceBus.Unicast.Transport.FailedMessageProcessingEventArgs>)
[MISSING]
  - 
[CompilerControlled, Public, Virtual, HideBySig, VtableLayoutMask, Abstract, SpecialName] int get_MaxThroughputPerSecond()
[MISSING]
  - 
[CompilerControlled, Public, Virtual, HideBySig, VtableLayoutMask, Abstract, SpecialName] int get_NumberOfWorkerThreads()
[MISSING]
  - 
[CompilerControlled, Public, Virtual, HideBySig, VtableLayoutMask, Abstract, SpecialName] void remove_FailedMessageProcessing(EventHandler<NServiceBus.Unicast.Transport.FailedMessageProcessingEventArgs>)
[MISSING]
  - 
[CompilerControlled, Public, Virtual, HideBySig, VtableLayoutMask, Abstract, SpecialName] void set_MaxThroughputPerSecond(int)
[MISSING]
  - 
[CompilerControlled, Public, Virtual, HideBySig, VtableLayoutMask, Abstract] void Start(NServiceBus.Address)
[MISSING]
  - 
[CompilerControlled, Public, Virtual, HideBySig, VtableLayoutMask, Abstract] void Stop()
[MISSING]

- NServiceBus.Unicast.Transport.TransactionSettings
  - 
[CompilerControlled, Public, Static, HideBySig, SpecialName] NServiceBus.Unicast.Transport.TransactionSettings get_Default()
[MISSING]
  - 
[CompilerControlled, Public, HideBySig, SpecialName] bool get_DontUseDistributedTransactions()
[MISSING]
  - 
[CompilerControlled, Public, HideBySig, SpecialName] void set_DontUseDistributedTransactions(bool)
[MISSING]

- NServiceBus.Unicast.Transport.TransportReceiver
  - 
[CompilerControlled, Public, Final, Virtual, HideBySig, VtableLayoutMask] void ChangeNumberOfWorkerThreads(int)
[MISSING]
  - 
[CompilerControlled, Public, HideBySig] void DisposeManaged()
[CompilerControlled, Private, HideBySig] void DisposeManaged()
  - 
[CompilerControlled, Public, Final, Virtual, HideBySig, VtableLayoutMask, SpecialName] int get_MaxThroughputPerSecond()
[MISSING]
  - 
[CompilerControlled, Public, Virtual, HideBySig, VtableLayoutMask, SpecialName] int get_NumberOfWorkerThreads()
[MISSING]
  - 
[CompilerControlled, Public, Virtual, HideBySig, VtableLayoutMask, SpecialName] void set_MaximumConcurrencyLevel(int)
[CompilerControlled, Private, HideBySig, SpecialName] void set_MaximumConcurrencyLevel(int)
  - 
[CompilerControlled, Public, Final, Virtual, HideBySig, VtableLayoutMask, SpecialName] void set_MaxThroughputPerSecond(int)
[MISSING]
  - 
[CompilerControlled, Public, HideBySig, SpecialName] void set_Receiver(NServiceBus.Transports.IDequeueMessages)
[CompilerControlled, Private, HideBySig, SpecialName] void set_Receiver(NServiceBus.Transports.IDequeueMessages)
  - 
[CompilerControlled, Public, HideBySig, SpecialName] void set_TransactionSettings(NServiceBus.Unicast.Transport.TransactionSettings)
[CompilerControlled, Private, HideBySig, SpecialName] void set_TransactionSettings(NServiceBus.Unicast.Transport.TransactionSettings)
  - 
[CompilerControlled, Public, Final, Virtual, HideBySig, VtableLayoutMask] void Start(NServiceBus.Address)
[MISSING]

- NServiceBus.Unicast.UnicastBus
  - 
[CompilerControlled, Public, HideBySig, SpecialName] void add_MessageReceived(NServiceBus.Unicast.UnicastBus/MessageReceivedDelegate)
[MISSING]
  - 
[CompilerControlled, Public, Final, Virtual, HideBySig, VtableLayoutMask, SpecialName] void add_MessagesSent(EventHandler<NServiceBus.Unicast.MessagesEventArgs>)
[MISSING]
  - 
[CompilerControlled, Public, Final, Virtual, HideBySig, VtableLayoutMask, SpecialName] void add_NoSubscribersForMessage(EventHandler<NServiceBus.Unicast.MessageEventArgs>)
[MISSING]
  - 
[CompilerControlled, Public, Final, Virtual, HideBySig, VtableLayoutMask, SpecialName] void add_Started(EventHandler)
[MISSING]
  - 
[CompilerControlled, Public, Final, Virtual, HideBySig, VtableLayoutMask] NServiceBus.ICallback Defer(DateTime, object)
[MISSING]
  - 
[CompilerControlled, Public, Final, Virtual, HideBySig, VtableLayoutMask] NServiceBus.ICallback Defer(DateTime, Object[][])
[MISSING]
  - 
[CompilerControlled, Public, Final, Virtual, HideBySig, VtableLayoutMask] void Dispose()
[MISSING]
  - 
[CompilerControlled, Public, HideBySig] void DisposeManaged()
[MISSING]
  - 
[CompilerControlled, Public, Final, Virtual, HideBySig, VtableLayoutMask] void DoNotContinueDispatchingCurrentMessageToHandlers()
[MISSING]
  - 
[CompilerControlled, Public, Final, Virtual, HideBySig, VtableLayoutMask, SpecialName] NServiceBus.IMessageContext get_CurrentMessageContext()
[MISSING]
  - 
[CompilerControlled, Public, HideBySig, SpecialName] bool get_DoNotStartTransport()
[MISSING]
  - 
[CompilerControlled, Public, HideBySig, SpecialName] NServiceBus.Address get_ForwardReceivedMessagesTo()
[MISSING]
  - 
[CompilerControlled, Public, Final, Virtual, HideBySig, VtableLayoutMask, SpecialName] NServiceBus.IInMemoryOperations get_InMemory()
[MISSING]
  - 
[CompilerControlled, Public, HideBySig, SpecialName] NServiceBus.Address get_InputAddress()
[MISSING]
  - 
[CompilerControlled, Public, HideBySig, SpecialName] NServiceBus.Address get_MasterNodeAddress()
[MISSING]
  - 
[CompilerControlled, Public, HideBySig, SpecialName] NServiceBus.Audit.MessageAuditer get_MessageAuditer()
[MISSING]
  - 
[CompilerControlled, Public, HideBySig, SpecialName] NServiceBus.Transports.IDeferMessages get_MessageDeferrer()
[MISSING]
  - 
[CompilerControlled, Public, HideBySig, SpecialName] IDictionary<Type, Type> get_MessageDispatcherMappings()
[MISSING]
  - 
[CompilerControlled, Public, HideBySig, SpecialName] NServiceBus.Unicast.Messages.MessageMetadataRegistry get_MessageMetadataRegistry()
[MISSING]
  - 
[CompilerControlled, Public, HideBySig, SpecialName] NServiceBus.Transports.IPublishMessages get_MessagePublisher()
[MISSING]
  - 
[CompilerControlled, Public, Virtual, HideBySig, VtableLayoutMask, SpecialName] NServiceBus.Serialization.IMessageSerializer get_MessageSerializer()
[MISSING]
  - 
[CompilerControlled, Public, Final, Virtual, HideBySig, VtableLayoutMask, SpecialName] IDictionary<string, string> get_OutgoingHeaders()
[MISSING]
  - 
[CompilerControlled, Public, HideBySig, SpecialName] bool get_SkipDeserialization()
[MISSING]
  - 
[CompilerControlled, Public, HideBySig, SpecialName] NServiceBus.Unicast.Subscriptions.MessageDrivenSubscriptions.SubcriberSideFiltering.SubscriptionPredicatesEvaluator get_SubscriptionPredicatesEvaluator()
[MISSING]
  - 
[CompilerControlled, Public, HideBySig, SpecialName] TimeSpan get_TimeToBeReceivedOnForwardedMessages()
[MISSING]
  - 
[CompilerControlled, Public, Virtual, HideBySig, VtableLayoutMask] void Publish<T>(T[][])
[MISSING]
  - 
[CompilerControlled, Public, Final, Virtual, HideBySig, VtableLayoutMask] void Raise<T>(Action<T>)
[MISSING]
  - 
[CompilerControlled, Public, Final, Virtual, HideBySig, VtableLayoutMask] void Raise<T>(T)
[MISSING]
  - 
[CompilerControlled, Public, HideBySig, SpecialName] void remove_MessageReceived(NServiceBus.Unicast.UnicastBus/MessageReceivedDelegate)
[MISSING]
  - 
[CompilerControlled, Public, Final, Virtual, HideBySig, VtableLayoutMask, SpecialName] void remove_MessagesSent(EventHandler<NServiceBus.Unicast.MessagesEventArgs>)
[MISSING]
  - 
[CompilerControlled, Public, Final, Virtual, HideBySig, VtableLayoutMask, SpecialName] void remove_NoSubscribersForMessage(EventHandler<NServiceBus.Unicast.MessageEventArgs>)
[MISSING]
  - 
[CompilerControlled, Public, Final, Virtual, HideBySig, VtableLayoutMask, SpecialName] void remove_Started(EventHandler)
[MISSING]
  - 
[CompilerControlled, Public, Final, Virtual, HideBySig, VtableLayoutMask] void Reply<T>(Action<T>)
[MISSING]
  - 
[CompilerControlled, Public, Final, Virtual, HideBySig, VtableLayoutMask] NServiceBus.ICallback Send<T>(NServiceBus.Address, string, Action<T>)
[MISSING]
  - 
[CompilerControlled, Public, Final, Virtual, HideBySig, VtableLayoutMask] NServiceBus.ICallback Send(string, string, object)
[MISSING]
  - 
[CompilerControlled, Public, Final, Virtual, HideBySig, VtableLayoutMask] NServiceBus.ICallback Send(string, string, Object[][])
[MISSING]
  - 
[CompilerControlled, Public, Final, Virtual, HideBySig, VtableLayoutMask] NServiceBus.ICallback Send(NServiceBus.Address, string, Object[][])
[MISSING]
  - 
[CompilerControlled, Public, Final, Virtual, HideBySig, VtableLayoutMask] NServiceBus.ICallback Send(NServiceBus.Address, string, object)
[MISSING]
  - 
[CompilerControlled, Public, Final, Virtual, HideBySig, VtableLayoutMask] NServiceBus.ICallback SendLocal(Object[][])
[MISSING]
  - 
[CompilerControlled, Public, Final, Virtual, HideBySig, VtableLayoutMask] NServiceBus.ICallback SendToSites(IEnumerable<string>, object)
[MISSING]
  - 
[CompilerControlled, Public, Final, Virtual, HideBySig, VtableLayoutMask] NServiceBus.ICallback SendToSites(IEnumerable<string>, Object[][])
[MISSING]
  - 
[CompilerControlled, Public, Virtual, HideBySig, VtableLayoutMask, SpecialName] void set_DisableMessageHandling(bool)
[MISSING]
  - 
[CompilerControlled, Public, HideBySig, SpecialName] void set_DoNotStartTransport(bool)
[MISSING]
  - 
[CompilerControlled, Public, HideBySig, SpecialName] void set_ForwardReceivedMessagesTo(NServiceBus.Address)
[MISSING]
  - 
[CompilerControlled, Public, HideBySig, SpecialName] void set_InputAddress(NServiceBus.Address)
[MISSING]
  - 
[CompilerControlled, Public, HideBySig, SpecialName] void set_MasterNodeAddress(NServiceBus.Address)
[MISSING]
  - 
[CompilerControlled, Public, HideBySig, SpecialName] void set_MessageAuditer(NServiceBus.Audit.MessageAuditer)
[MISSING]
  - 
[CompilerControlled, Public, HideBySig, SpecialName] void set_MessageDeferrer(NServiceBus.Transports.IDeferMessages)
[MISSING]
  - 
[CompilerControlled, Public, HideBySig, SpecialName] void set_MessageDispatcherMappings(IDictionary<Type, Type>)
[MISSING]
  - 
[CompilerControlled, Public, HideBySig, SpecialName] void set_MessageMetadataRegistry(NServiceBus.Unicast.Messages.MessageMetadataRegistry)
[MISSING]
  - 
[CompilerControlled, Public, HideBySig, SpecialName] void set_MessagePublisher(NServiceBus.Transports.IPublishMessages)
[MISSING]
  - 
[CompilerControlled, Public, Virtual, HideBySig, VtableLayoutMask, SpecialName] void set_MessageSerializer(NServiceBus.Serialization.IMessageSerializer)
[MISSING]
  - 
[CompilerControlled, Public, HideBySig, SpecialName] void set_SkipDeserialization(bool)
[MISSING]
  - 
[CompilerControlled, Public, HideBySig, SpecialName] void set_SubscriptionPredicatesEvaluator(NServiceBus.Unicast.Subscriptions.MessageDrivenSubscriptions.SubcriberSideFiltering.SubscriptionPredicatesEvaluator)
[MISSING]
  - 
[CompilerControlled, Public, HideBySig, SpecialName] void set_TimeToBeReceivedOnForwardedMessages(TimeSpan)
[MISSING]
  - 
[CompilerControlled, Public, Final, Virtual, HideBySig, VtableLayoutMask] void Shutdown()
[MISSING]
  - 
[CompilerControlled, Public, Final, Virtual, HideBySig, VtableLayoutMask] NServiceBus.IBus Start(Action)
[MISSING]
  - 
[CompilerControlled, Public, Final, Virtual, HideBySig, VtableLayoutMask] void Subscribe<T>(Predicate<T>)
[MISSING]
  - 
[CompilerControlled, Public, Virtual, HideBySig, VtableLayoutMask] void Subscribe(Type, Predicate<object>)
[MISSING]

