Public -> [MISSING]

Example.MissingNextVersionClass
[MISSING]

Public -> Internal

Example.InternalNextVersionClass
Example.InternalNextVersionClass

Members

- Example.MemberInternalNextVersion
  - 
[Public] string StringField
[Assembly] string StringField
  - 
[CompilerControlled, Public, HideBySig, SpecialName] string get_StringProperty()
[CompilerControlled, Assembly, HideBySig, SpecialName] string get_StringProperty()
  - 
[CompilerControlled, Public, HideBySig] void Method()
[CompilerControlled, Assembly, HideBySig] void Method()
  - 
[CompilerControlled, Public, HideBySig, SpecialName] void set_StringProperty(string)
[CompilerControlled, Assembly, HideBySig, SpecialName] void set_StringProperty(string)

- Example.MemberMissingNextVersion
  - 
[Public] string StringField
[MISSING]
  - 
[CompilerControlled, Public, HideBySig, SpecialName] string get_StringProperty()
[MISSING]
  - 
[CompilerControlled, Public, HideBySig] void Method()
[MISSING]
  - 
[CompilerControlled, Public, HideBySig, SpecialName] void set_StringProperty(string)
[MISSING]

- Example.MemberObsoleteNextVersion
  - 
[CompilerControlled, Public, HideBySig, SpecialName] string get_StringProperty()
[CompilerControlled, Assembly, HideBySig, SpecialName] string get_StringProperty()
  - 
[CompilerControlled, Public, HideBySig, SpecialName] void set_StringProperty(string)
[CompilerControlled, Assembly, HideBySig, SpecialName] void set_StringProperty(string)

